[INFO] [1788546603.971379362] [safety_supervisor_node]: Safety supervisor started: 3 required sources, 20.0 Hz evaluation
[ERROR] [1788546604.072051029] [safety_supervisor_node]: Safety state transition: INIT -> FAULT (lidar_safety safety status timeout)
[INFO] [1788546604.323746111] [safety_supervisor_node]: Safety state transition: FAULT -> SAFE (all required safety sources are healthy)
[ERROR] [1788546604.379818465] [safety_supervisor_node]: Safety state transition: SAFE -> FAULT (lidar_safety safety status timeout)
[INFO] [1788546604.622465173] [safety_supervisor_node]: [Latency][event=1][lidar_timeout] Detection: 8216511.339 ms Dispatch: 16.887 ms Decision: 17.102 ms Total: 8216545.329 ms State: FAULT
[INFO] [1788546604.622515007] [safety_supervisor_node]: [Latency Summary][lidar_timeout] samples=1 total mean=8216545.329 ms median=8216545.329 ms p95=8216545.329 ms p99=8216545.329 ms max=8216545.329 ms
[INFO] [1788546605.021552435] [safety_supervisor_node]: Safety state transition: FAULT -> SAFE (all required safety sources are healthy)
[ERROR] [1788546605.771452615] [safety_supervisor_node]: Safety state transition: SAFE -> FAULT (lidar_safety safety status timeout)
[INFO] [1788546606.471518524] [safety_supervisor_node]: Safety state transition: FAULT -> SAFE (all required safety sources are healthy)
[ERROR] [1788546606.621478982] [safety_supervisor_node]: Safety state transition: SAFE -> FAULT (lidar_safety safety status timeout)
[INFO] [1788546606.921470650] [safety_supervisor_node]: Safety state transition: FAULT -> SAFE (all required safety sources are healthy)
[ERROR] [1788546607.023019316] [safety_supervisor_node]: Safety state transition: SAFE -> FAULT (lidar_safety safety status timeout)
[INFO] [1788546607.121538171] [safety_supervisor_node]: Safety state transition: FAULT -> SAFE (all required safety sources are healthy)
[ERROR] [1788546607.172865136] [safety_supervisor_node]: Safety state transition: SAFE -> FAULT (lidar_safety safety status timeout)
[INFO] [1788546607.321472060] [safety_supervisor_node]: Safety state transition: FAULT -> SAFE (all required safety sources are healthy)
[ERROR] [1788546607.371498168] [safety_supervisor_node]: Safety state transition: SAFE -> FAULT (lidar_safety safety status timeout)
[INFO] [1788546607.421821156] [safety_supervisor_node]: Safety state transition: FAULT -> SAFE (all required safety sources are healthy)
[ERROR] [1788546607.471498342] [safety_supervisor_node]: Safety state transition: SAFE -> FAULT (sensor_watchdog safety status timeout)
[INFO] [1788546607.621495123] [safety_supervisor_node]: Safety state transition: FAULT -> SAFE (all required safety sources are healthy)
[ERROR] [1788546607.671466981] [safety_supervisor_node]: Safety state transition: SAFE -> FAULT (tf_monitor safety status timeout)
[INFO] [1788546607.923372471] [safety_supervisor_node]: Safety state transition: FAULT -> SAFE (all required safety sources are healthy)
[ERROR] [1788546607.971494461] [safety_supervisor_node]: Safety state transition: SAFE -> FAULT (sensor_watchdog safety status timeout)
[INFO] [1788546608.221484651] [safety_supervisor_node]: Safety state transition: FAULT -> SAFE (all required safety sources are healthy)
[ERROR] [1788546608.271542340] [safety_supervisor_node]: Safety state transition: SAFE -> FAULT (lidar_safety safety status timeout)
[INFO] [1788546608.974652856] [safety_supervisor_node]: Safety state transition: FAULT -> SAFE (all required safety sources are healthy)
[ERROR] [1788546609.025693185] [safety_supervisor_node]: Safety state transition: SAFE -> FAULT (tf_monitor safety status timeout)
[INFO] [1788546610.021475291] [safety_supervisor_node]: Safety state transition: FAULT -> SAFE (all required safety sources are healthy)
[ERROR] [1788546610.072011939] [safety_supervisor_node]: Safety state transition: SAFE -> FAULT (lidar_safety safety status timeout)
[INFO] [1788546610.221480055] [safety_supervisor_node]: Safety state transition: FAULT -> SAFE (all required safety sources are healthy)
[ERROR] [1788546610.271842575] [safety_supervisor_node]: Safety state transition: SAFE -> FAULT (lidar_safety safety status timeout)
[INFO] [1788546611.571579186] [safety_supervisor_node]: Safety state transition: FAULT -> SAFE (all required safety sources are healthy)
[ERROR] [1788546611.621525028] [safety_supervisor_node]: Safety state transition: SAFE -> FAULT (lidar_safety safety status timeout)
[INFO] [1788546612.421474416] [safety_supervisor_node]: Safety state transition: FAULT -> SAFE (all required safety sources are healthy)
[ERROR] [1788546612.471472548] [safety_supervisor_node]: Safety state transition: SAFE -> FAULT (lidar_safety safety status timeout)
[INFO] [1788546612.971476327] [safety_supervisor_node]: Safety state transition: FAULT -> SAFE (all required safety sources are healthy)
[ERROR] [1788546613.021614293] [safety_supervisor_node]: Safety state transition: SAFE -> FAULT (lidar_safety safety status timeout)
[INFO] [1788546613.122657111] [safety_supervisor_node]: Safety state transition: FAULT -> SAFE (all required safety sources are healthy)
[ERROR] [1788546613.171555720] [safety_supervisor_node]: Safety state transition: SAFE -> FAULT (lidar_safety safety status timeout)
[INFO] [1788546613.421467861] [safety_supervisor_node]: Safety state transition: FAULT -> SAFE (all required safety sources are healthy)
[ERROR] [1788546613.471691202] [safety_supervisor_node]: Safety state transition: SAFE -> FAULT (tf_monitor safety status timeout)
[INFO] [1788546613.621525168] [safety_supervisor_node]: Safety state transition: FAULT -> SAFE (all required safety sources are healthy)
[ERROR] [1788546613.671469587] [safety_supervisor_node]: Safety state transition: SAFE -> FAULT (tf_monitor safety status timeout)
[INFO] [1788546614.581041530] [safety_supervisor_node]: Safety state transition: FAULT -> SAFE (all required safety sources are healthy)
[ERROR] [1788546614.621472238] [safety_supervisor_node]: Safety state transition: SAFE -> FAULT (lidar_safety safety status timeout)
[INFO] [1788546614.921464197] [safety_supervisor_node]: Safety state transition: FAULT -> SAFE (all required safety sources are healthy)
[ERROR] [1788546614.972543799] [safety_supervisor_node]: Safety state transition: SAFE -> FAULT (lidar_safety safety status timeout)
[INFO] [1788546615.171657190] [safety_supervisor_node]: Safety state transition: FAULT -> SAFE (all required safety sources are healthy)
[ERROR] [1788546615.221518517] [safety_supervisor_node]: Safety state transition: SAFE -> FAULT (lidar_safety safety status timeout)
[INFO] [1788546615.272077940] [safety_supervisor_node]: Safety state transition: FAULT -> SAFE (all required safety sources are healthy)
[ERROR] [1788546615.321523677] [safety_supervisor_node]: Safety state transition: SAFE -> FAULT (lidar_safety safety status timeout)
[INFO] [1788546616.921538677] [safety_supervisor_node]: Safety state transition: FAULT -> SAFE (all required safety sources are healthy)
[ERROR] [1788546616.973604456] [safety_supervisor_node]: Safety state transition: SAFE -> FAULT (lidar_safety safety status timeout)
[INFO] [1788546617.021496078] [safety_supervisor_node]: Safety state transition: FAULT -> SAFE (all required safety sources are healthy)
[ERROR] [1788546617.072843467] [safety_supervisor_node]: Safety state transition: SAFE -> FAULT (tf_monitor safety status timeout)
[INFO] [1788546617.224878430] [safety_supervisor_node]: Safety state transition: FAULT -> SAFE (all required safety sources are healthy)
[ERROR] [1788546617.280971359] [safety_supervisor_node]: Safety state transition: SAFE -> FAULT (tf_monitor safety status timeout)
[INFO] [1788546617.972543905] [safety_supervisor_node]: Safety state transition: FAULT -> SAFE (all required safety sources are healthy)
[ERROR] [1788546618.024829058] [safety_supervisor_node]: Safety state transition: SAFE -> FAULT (sensor_watchdog reported invalid safety data: lidar=HEALTHY; tf_monitor=TIMEOUT)
[INFO] [1788546618.625803205] [safety_supervisor_node]: Safety state transition: FAULT -> SAFE (all required safety sources are healthy)
[ERROR] [1788546618.679744968] [safety_supervisor_node]: Safety state transition: SAFE -> FAULT (lidar_safety safety status timeout)
[INFO] [1788546618.921878849] [safety_supervisor_node]: Safety state transition: FAULT -> SAFE (all required safety sources are healthy)
[ERROR] [1788546618.976201285] [safety_supervisor_node]: Safety state transition: SAFE -> FAULT (tf_monitor safety status timeout)
[INFO] [1788546619.371457154] [safety_supervisor_node]: Safety state transition: FAULT -> SAFE (all required safety sources are healthy)
[ERROR] [1788546619.432357282] [safety_supervisor_node]: Safety state transition: SAFE -> FAULT (lidar_safety safety status timeout)
[INFO] [1788546619.921952727] [safety_supervisor_node]: Safety state transition: FAULT -> SAFE (all required safety sources are healthy)
[ERROR] [1788546619.971651789] [safety_supervisor_node]: Safety state transition: SAFE -> FAULT (tf_monitor safety status timeout)
[INFO] [1788546620.971582386] [safety_supervisor_node]: Safety state transition: FAULT -> SAFE (all required safety sources are healthy)
[ERROR] [1788546621.021519197] [safety_supervisor_node]: Safety state transition: SAFE -> FAULT (sensor_watchdog safety status timeout)
[INFO] [1788546622.222822432] [safety_supervisor_node]: Safety state transition: FAULT -> SAFE (all required safety sources are healthy)
[ERROR] [1788546622.271471466] [safety_supervisor_node]: Safety state transition: SAFE -> FAULT (tf_monitor safety status timeout)
[INFO] [1788546623.187246155] [safety_supervisor_node]: Safety state transition: FAULT -> SAFE (all required safety sources are healthy)
[ERROR] [1788546623.221468150] [safety_supervisor_node]: Safety state transition: SAFE -> FAULT (lidar_safety safety status timeout)
[INFO] [1788546625.021524122] [safety_supervisor_node]: Safety state transition: FAULT -> SAFE (all required safety sources are healthy)
[ERROR] [1788546625.071425334] [safety_supervisor_node]: Safety state transition: SAFE -> FAULT (lidar_safety safety status timeout)
[INFO] [1788546625.321694321] [safety_supervisor_node]: Safety state transition: FAULT -> SAFE (all required safety sources are healthy)
[ERROR] [1788546625.371904788] [safety_supervisor_node]: Safety state transition: SAFE -> FAULT (sensor_watchdog safety status timeout)
[INFO] [1788546625.526566381] [safety_supervisor_node]: Safety state transition: FAULT -> SAFE (all required safety sources are healthy)
[ERROR] [1788546625.571424633] [safety_supervisor_node]: Safety state transition: SAFE -> FAULT (lidar_safety safety status timeout)
[INFO] [1788546627.221527245] [safety_supervisor_node]: Safety state transition: FAULT -> SAFE (all required safety sources are healthy)
[ERROR] [1788546627.271512285] [safety_supervisor_node]: Safety state transition: SAFE -> FAULT (lidar_safety safety status timeout)
[INFO] [1788546627.521505360] [safety_supervisor_node]: Safety state transition: FAULT -> SAFE (all required safety sources are healthy)
[ERROR] [1788546627.571474608] [safety_supervisor_node]: Safety state transition: SAFE -> FAULT (tf_monitor safety status timeout)
[INFO] [1788546628.671568906] [safety_supervisor_node]: Safety state transition: FAULT -> SAFE (all required safety sources are healthy)
[ERROR] [1788546628.721448358] [safety_supervisor_node]: Safety state transition: SAFE -> FAULT (tf_monitor safety status timeout)
[INFO] [1788546629.275025679] [safety_supervisor_node]: Safety state transition: FAULT -> SAFE (all required safety sources are healthy)
[ERROR] [1788546629.383599888] [safety_supervisor_node]: Safety state transition: SAFE -> FAULT (sensor_watchdog safety status timeout)
[INFO] [1788546629.622005156] [safety_supervisor_node]: Safety state transition: FAULT -> SAFE (all required safety sources are healthy)
[ERROR] [1788546629.671529390] [safety_supervisor_node]: Safety state transition: SAFE -> FAULT (lidar_safety safety status timeout)
[INFO] [1788546629.923539633] [safety_supervisor_node]: Safety state transition: FAULT -> SAFE (all required safety sources are healthy)
[ERROR] [1788546629.972641235] [safety_supervisor_node]: Safety state transition: SAFE -> FAULT (lidar_safety safety status timeout)
[INFO] [1788546630.321450388] [safety_supervisor_node]: Safety state transition: FAULT -> SAFE (all required safety sources are healthy)
[ERROR] [1788546630.371716006] [safety_supervisor_node]: Safety state transition: SAFE -> FAULT (lidar_safety safety status timeout)
[INFO] [1788546630.621610198] [safety_supervisor_node]: Safety state transition: FAULT -> SAFE (all required safety sources are healthy)
[ERROR] [1788546630.674784031] [safety_supervisor_node]: Safety state transition: SAFE -> FAULT (lidar_safety safety status timeout)
[INFO] [1788546631.327900081] [rclcpp]: signal_handler(SIGINT/SIGTERM)
